WARNING: You are currently using Node.js v18.15.0, which is not supported by Hardhat. This can lead to unexpected behavior. See https://v2.hardhat.org/nodejs-versions


[dotenv@17.2.3] injecting env (0) from .env -- tip: ⚙️  specify custom .env file path with { path: '/custom/path/.env' }


  CompliantMixer
    - Should allow deposit if compliant
    1) "before each" hook for "Should reject deposit if not compliant"


  0 passing (29ms)
  1 pending
  1 failing

  1) CompliantMixer
       "before each" hook for "Should reject deposit if not compliant":
     Error: Transaction reverted: function returned an unexpected amount of data
    at CompliantMixer.trivialEncrypt (@fhevm/solidity/lib/Impl.sol:632)
    at CompliantMixer.asEuint32 (@fhevm/solidity/lib/FHE.sol:8330)
    at CompliantMixer.constructor (contracts/CompliantMixer.sol:25)
    at EdrProviderWrapper.request (node_modules/hardhat/src/internal/hardhat-network/provider/provider.ts:434:41)
    at async HardhatEthersSigner.sendTransaction (node_modules/@nomicfoundation/hardhat-ethers/src/signers.ts:181:18)
    at async ContractFactory.deploy (node_modules/ethers/src.ts/contract/factory.ts:111:24)
    at async Context.<anonymous> (test/CompliantMixer.ts:28:17)
  



··············································································································
|  [32m[1mSolidity and Network Configuration[22m[39m                                                                        │
·························|·················|···············|·················|································
|  [36mSolidity: 0.8.24[39m      ·  [36mOptim: true[39m    ·  [36mRuns: 200[39m    ·  [36mviaIR: false[39m   ·     [36mBlock: 30,000,000 gas[39m     │
·························|·················|···············|·················|································
|  [32m[1mMethods[22m[39m                                                                                                   │
·························|·················|···············|·················|················|···············
|  [32m[1mContracts / Methods[22m[39m   ·  [1mMin[22m            ·  [1mMax[22m          ·  [1mAvg[22m            ·  [1m# calls[22m       ·  [1musd (avg)[22m   │
·························|·················|···············|·················|················|···············
|  [32m[1mDeployments[22m[39m                             ·                                 ·  [1m% of limit[22m    ·              │
·························|·················|···············|·················|················|···············
|  [1mMockComplianceOracle[22m  ·              [90m-[39m  ·            [90m-[39m  ·        192,765  ·         0.6 %  ·           [32m[90m-[39m[32m[39m  │
·························|·················|···············|·················|················|···············
|  [1mMockToken[22m             ·              [90m-[39m  ·            [90m-[39m  ·        580,148  ·         1.9 %  ·           [32m[90m-[39m[32m[39m  │
·························|·················|···············|·················|················|···············
|  [32m[1mKey[22m[39m                                                                                                       │
··············································································································
|  [35m[1m◯[22m[39m  Execution gas for this method does not include intrinsic gas overhead                                  │
··············································································································
|  [35m[1m△[22m[39m  Cost was non-zero but below the precision setting for the currency display (see options)               │
··············································································································
|  [35mToolchain:[39m  hardhat                                                                                       │
··············································································································
